MPLINK 5.08, LINKER
Linker Map File - Created Sun Nov 19 15:35:51 2017

                                 Section Info
                  Section       Type    Address   Location Size(Bytes)
                ---------  ---------  ---------  ---------  ---------
                   .org_0       code   0x000000    program   0x0000c2
                   .cinit    romdata   0x0000c2    program   0x000002
.config_300001_BUILD/DEFAULT/DEBUG/HW1.O    romdata   0x300001    program   0x000001
.config_300003_BUILD/DEFAULT/DEBUG/HW1.O    romdata   0x300003    program   0x000001



                              Program Memory Usage 
                               Start         End      
                           ---------   ---------      
                            0x000000    0x0000c3      
                            0x300001    0x300001      
                            0x300003    0x300003      
            198 out of 33048 program addresses used, program memory utilization is 0%



                              Symbols - Sorted by Name
                     Name    Address   Location    Storage File                     
                ---------  ---------  ---------  --------- ---------                
                    array   0x00005e    program     static C:\Users\joe\MPLABXProjects\Hw1.X\hw1.asm
                   change   0x000052    program     static C:\Users\joe\MPLABXProjects\Hw1.X\hw1.asm
                   i_loop   0x000020    program     static C:\Users\joe\MPLABXProjects\Hw1.X\hw1.asm
                     next   0x0000ba    program     static C:\Users\joe\MPLABXProjects\Hw1.X\hw1.asm
                    start   0x000004    program     static C:\Users\joe\MPLABXProjects\Hw1.X\hw1.asm
                 tablebig   0x00003e    program     static C:\Users\joe\MPLABXProjects\Hw1.X\hw1.asm



                              Symbols - Sorted by Address
                     Name    Address   Location    Storage File                     
                ---------  ---------  ---------  --------- ---------                
                    start   0x000004    program     static C:\Users\joe\MPLABXProjects\Hw1.X\hw1.asm
                   i_loop   0x000020    program     static C:\Users\joe\MPLABXProjects\Hw1.X\hw1.asm
                 tablebig   0x00003e    program     static C:\Users\joe\MPLABXProjects\Hw1.X\hw1.asm
                   change   0x000052    program     static C:\Users\joe\MPLABXProjects\Hw1.X\hw1.asm
                    array   0x00005e    program     static C:\Users\joe\MPLABXProjects\Hw1.X\hw1.asm
                     next   0x0000ba    program     static C:\Users\joe\MPLABXProjects\Hw1.X\hw1.asm


